.
ID(data)
.
ID(text)
ID(_start)
:
mov
ID(eax)
,
INT(5)
mov
ID(ebx)
,
INT(20)
int
INT(32)
syscall
ret

