func
ID(main)
is
var
ID(x)
=
INT(20)
;
var
ID(y)
=
STR(Hello!)
;
var
ID(z)
=
ID(x)
;
var
ID(xx)
:
ID(int)
:=
INT(32)
;
ID(x)
!=
ID(y)
;
return
ID(z)
;
end
;

