<
html
>
<
head
>
<
title
>
ID(Hello!)
</
title
>
</
head
>
<
body
>
<
h1
>
ID(Welcome)
</
h1
>
<
div
>
<
h2
>
ID(Welcome!)
</
h2
>
</
div
>
</
body
>
</
html
>

